<html>
<body>
<pre>
<h1>µVision Build Log</h1>
<h2>Tool Versions:</h2>
IDE-Version: •ÏVision V5.29.0.0
Copyright (C) 2019 ARM Ltd and ARM Germany GmbH. All rights reserved.
License Information: Kim JinSan, eonbuk National University, LIC=----
 
Tool Versions:
Toolchain:       MDK-Lite  Version: 5.29.0.0
Toolchain Path:  C:\Keil_v5\ARM\ARMCC\Bin
C Compiler:      Armcc.exe V5.06 update 6 (build 750)
Assembler:       Armasm.exe V5.06 update 6 (build 750)
Linker/Locator:  ArmLink.exe V5.06 update 6 (build 750)
Library Manager: ArmAr.exe V5.06 update 6 (build 750)
Hex Converter:   FromElf.exe V5.06 update 6 (build 750)
CPU DLL:         SARMCM3.DLL V5.29.0.0
Dialog DLL:      DARMP1.DLL V1.27.0.0
Target DLL:      UL2CM3.DLL V1.163.0.0
Dialog DLL:      TARMP1.DLL V1.26.0.0
 
<h2>Project:</h2>
C:\Users\lazyb\Desktop\[MicroProcessor]_shooting_game-ing\Blinky.uvproj
Project File Date:  05/14/2020

<h2>Output:</h2>
*** Using Compiler 'V5.06 update 6 (build 750)', folder: 'C:\Keil_v5\ARM\ARMCC\Bin'
Rebuild target 'MCB1700'
assembling startup_LPC17xx.s...
compiling RTX_Conf_CM.c...
compiling LED.c...
compiling system_LPC17xx.c...
compiling Blinky.c...
compiling GLCD.c...
linking...
Program Size: Code=6144 RO-data=252 RW-data=5468 ZI-data=2820  
FromELF: creating hex file...
".\Obj\Blinky.axf" - 0 Error(s), 0 Warning(s).
Build Time Elapsed:  00:00:00
</pre>
</body>
</html>
